// Jest Snapshot v1, https://goo.gl/fbAQLP

exports[`Title component renders correctly 1`] = `
<div
  className="wrapper"
>
  <h1>
    New Appointment
  </h1>
</div>
`;
